[00:29:32] [Server thread/INFO]: opalitez lost connection: Timed out
[00:29:32] [Server thread/INFO]: opalitez left the game
[00:29:51] [Server thread/INFO]: opalitez[/26.81.134.220:50101] logged in with entity id 17911 at (-269.4789272882536, -11.0, 205.58430776723148)
[00:29:51] [Server thread/INFO]: opalitez joined the game
[00:31:53] [Server thread/INFO]: MamaMo lost connection: Disconnected
[00:31:53] [Server thread/INFO]: MamaMo left the game
[00:32:56] [Server thread/WARN]: kumi666 moved too quickly! 0.1671240138504686,-0.3693736602695221,10.139129839147728
[00:33:14] [Server thread/INFO]: [Not Secure] <inshallah> mapa spawn lang si je
[00:33:18] [Server thread/INFO]: [Not Secure] <inshallah> sakyan nyo na
[00:33:22] [Server thread/INFO]: [Not Secure] <bogartnani> g
[00:33:23] [Server thread/INFO]: [Not Secure] <inshallah> mapa join*
[00:33:44] [Server thread/INFO]: MamaMo[/26.139.251.172:64920] logged in with entity id 18782 at (-260.69999998807907, -15.680914997696878, 220.19801464017175)
[00:33:44] [Server thread/INFO]: MamaMo joined the game
[00:44:34] [Server thread/INFO]: opalitez lost connection: Disconnected
[00:44:34] [Server thread/INFO]: opalitez left the game
[00:44:38] [Server thread/INFO]: bogartnani lost connection: Disconnected
[00:44:38] [Server thread/INFO]: bogartnani left the game
[00:44:45] [Server thread/INFO]: inshallah lost connection: Disconnected
[00:44:45] [Server thread/INFO]: inshallah left the game
[00:45:32] [Server thread/INFO]: kumi666 lost connection: Disconnected
[00:45:32] [Server thread/INFO]: kumi666 left the game
[00:45:34] [Server thread/INFO]: MamaMo lost connection: Disconnected
[00:45:34] [Server thread/INFO]: MamaMo left the game
[00:45:45] [Server thread/INFO]: Stopping server
[00:45:45] [Server thread/INFO]: Saving players
[00:45:45] [Server thread/INFO]: Saving worlds
[00:45:45] [Server thread/INFO]: Saving chunks for level 'ServerLevel[world]'/minecraft:overworld
[00:45:45] [Server thread/INFO]: Saving chunks for level 'ServerLevel[world]'/minecraft:the_end
[00:45:45] [Server thread/INFO]: Saving chunks for level 'ServerLevel[world]'/minecraft:the_nether
[00:45:45] [Server thread/INFO]: ThreadedAnvilChunkStorage (world): All chunks are saved
[00:45:45] [Server thread/INFO]: ThreadedAnvilChunkStorage (DIM1): All chunks are saved
[00:45:45] [Server thread/INFO]: ThreadedAnvilChunkStorage (DIM-1): All chunks are saved
[00:45:45] [Server thread/INFO]: ThreadedAnvilChunkStorage: All dimensions are saved
